../Core/Src/main.c:85:6:PCA9685_SetBit	40	static
../Core/Src/main.c:95:6:PCA9685_SetPWMFrequency	40	static
../Core/Src/main.c:108:6:PCA9685_Init	24	static
../Core/Src/main.c:114:6:PCA9685_SetPWM	40	static
../Core/Src/main.c:125:6:PCA9685_SetServoAngle	40	static
../Core/Src/main.c:131:6:mat_mult	56	static
../Core/Src/main.c:142:6:mat_mult_vec	48	static
../Core/Src/main.c:151:6:calcLeg	504	static
../Core/Src/main.c:232:8:normalize_mod	32	static
../Core/Src/main.c:240:6:positions	176	static
../Core/Src/main.c:275:6:legIK	136	static
../Core/Src/main.c:312:6:bodyIK	1592	static
../Core/Src/main.c:386:6:calcIK	776	static
../Core/Src/main.c:464:6:getDegreeAngles	32	static
../Core/Src/main.c:473:6:angleToServo	16	static
../Core/Src/main.c:505:6:servoRotate	32	static
../Core/Src/main.c:542:5:main	296	static
../Core/Src/main.c:616:6:SystemClock_Config	88	static
../Core/Src/main.c:660:13:MX_I2C1_Init	8	static
../Core/Src/main.c:694:13:MX_RTC_Init	8	static
../Core/Src/main.c:729:13:MX_GPIO_Init	24	static
../Core/Src/main.c:751:6:Error_Handler	4	static,ignoring_inline_asm
